npx : CHILD_PROCESS 4392: spawn [Object: 
null prototype] {
At line:1 char:71
+ ... 20.19.4;" + $env:Path; npx tsc 
--noEmit > tsc_output.txt 2>&1; cat ts 
...
+                            
~~~~~~~~~~~~~~~~~~~~~~~~~~~~~~~~~~~~~~
    + CategoryInfo          : NotSp    
ecified: (CHILD_PROCESS 4...ll     
prototype] {:String) [], Remote    
Exception
    + FullyQualifiedErrorId : Nativ    
eCommandError
 
  env: {
    ALLUSERSPROFILE: 'C:\\ProgramData',
    APPDATA: 
'C:\\Users\\fhuez\\AppData\\Roaming',
    CHROME_CRASHPAD_PIPE_NAME: '\\\\.\\pi
pe\\crashpad_163580_BLYHNDYCYSCDOOPF',
    COLOR: '0',
    CommonProgramFiles: 'C:\\Program 
Files\\Common Files',
    'CommonProgramFiles(x86)': 
'C:\\Program Files (x86)\\Common Files',
    CommonProgramW6432: 'C:\\Program 
Files\\Common Files',
    COMPUTERNAME: 'HUEZO',
    ComSpec: 
'C:\\WINDOWS\\system32\\cmd.exe',
    DEBUG: 'electron-builder',
    DriverData: 'C:\\Windows\\System32\\D
rivers\\DriverData',
    EDITOR: 'C:\\WINDOWS\\notepad.exe',
    EFC_160864_1592913036: '1',
    GSTREAMER_1_0_ROOT_MSVC_X86_64: 
'C:\\gstreamer\\1.0\\msvc_x86_64\\bin',
    HOME: 'C:\\Users\\fhuez',
    HOMEDRIVE: 'C:',
    HOMEPATH: '\\Users\\fhuez',
    INIT_CWD: 
'C:\\xampp\\htdocs\\postiz',
    JAVA_HOME: 'C:\\Program 
Files\\Android\\Android Studio\\jbr',
    LOCALAPPDATA: 
'C:\\Users\\fhuez\\AppData\\Local',
    LOGONSERVER: '\\\\HUEZO',
    NODE: 'C:\\Users\\fhuez\\AppData\\Loc
al\\nvm\\v20.19.4\\node.exe',
    NODE_DEBUG: 'child_process',
    NODE_EXE: 'C:\\Users\\fhuez\\AppData\
\Local\\nvm\\v20.19.4\\\\node.exe',
    npm_command: 'exec',
    npm_config_cache: 'C:\\Users\\fhuez\\
AppData\\Local\\npm-cache',
    npm_config_globalconfig: 'C:\\Users\\
fhuez\\AppData\\Local\\nvm\\v20.19.4\\etc
\\npmrc',
    npm_config_global_prefix: 'C:\\Users\
\fhuez\\AppData\\Local\\nvm\\v20.19.4',
    npm_config_init_module: 
'C:\\Users\\fhuez\\.npm-init.js',
    npm_config_local_prefix: 
'C:\\xampp\\htdocs\\postiz',
    npm_config_noproxy: '',
    npm_config_npm_version: '10.8.2',
    npm_config_prefix: 'C:\\Users\\fhuez\
\AppData\\Local\\nvm\\v20.19.4',
    npm_config_userconfig: 
'C:\\Users\\fhuez\\.npmrc',
    npm_config_user_agent: 'npm/10.8.2 
node/v20.19.4 win32 x64 
workspaces/false',
    npm_execpath: 'C:\\Users\\fhuez\\AppD
ata\\Local\\nvm\\v20.19.4\\node_modules\\
npm\\bin\\npm-cli.js',
    npm_node_execpath: 'C:\\Users\\fhuez\
\AppData\\Local\\nvm\\v20.19.4\\node.exe'
,
    NPM_PREFIX_JS: 'C:\\Users\\fhuez\\App
Data\\Local\\nvm\\v20.19.4\\\\node_module
s\\npm\\bin\\npm-prefix.js',
    NPM_PREFIX_NPX_CLI_JS: 'C:\\Users\\fh
uez\\AppData\\Local\\nvm\\v20.19.4\\node_
modules\\npm\\bin\\npx-cli.js',
    NPX_CLI_JS: 'C:\\Users\\fhuez\\AppDat
a\\Local\\nvm\\v20.19.4\\node_modules\\np
m\\bin\\npx-cli.js',
    NUMBER_OF_PROCESSORS: '20',
    NVM_HOME: 
'C:\\Users\\fhuez\\AppData\\Local\\nvm',
    NVM_SYMLINK: 'C:\\nvm4w\\nodejs',
    OneDrive: 
'C:\\Users\\fhuez\\OneDrive',
    OneDriveConsumer: 
'C:\\Users\\fhuez\\OneDrive',
    OnlineServices: 'Online Services',
    OS: 'Windows_NT',
    PATH: 'C:\\xampp\\htdocs\\postiz\\nod
e_modules\\.bin;C:\\xampp\\htdocs\\postiz
\\node_modules\\.bin;C:\\xampp\\htdocs\\n
ode_modules\\.bin;C:\\xampp\\node_modules
\\.bin;C:\\node_modules\\.bin;C:\\Users\\
fhuez\\AppData\\Local\\nvm\\v20.19.4\\nod
e_modules\\npm\\node_modules\\@npmcli\\ru
n-script\\lib\\node-gyp-bin;C:\\Users\\fh
uez\\AppData\\Local\\nvm\\v20.19.4;C:\\Us
ers\\fhuez\\AppData\\Local\\nvm\\v20.19.4
;C:\\Users\\fhuez\\AppData\\Local\\nvm\\v
20.19.4;C:\\Users\\fhuez\\AppData\\Local\
\nvm\\v20.19.4;C:\\Users\\fhuez\\AppData\
\Local\\nvm\\v20.19.4;C:\\Users\\fhuez\\A
ppData\\Local\\nvm\\v20.19.4;C:\\Users\\f
huez\\AppData\\Local\\nvm\\v20.19.4;C:\\U
sers\\fhuez\\AppData\\Local\\nvm\\v23.8.0
;C:\\Users\\fhuez\\AppData\\Local\\nvm\\v
20.19.4;C:\\Users\\fhuez\\AppData\\Local\
\nvm\\v20.19.4;C:\\Users\\fhuez\\AppData\
\Local\\nvm\\v20.19.4;C:\\Users\\fhuez\\A
ppData\\Local\\nvm\\v20.19.4;C:\\Users\\f
huez\\AppData\\Local\\nvm\\v20.19.4;C:\\U
sers\\fhuez\\AppData\\Local\\nvm\\v20.19.
4;C:\\Users\\fhuez\\AppData\\Local\\nvm\\
v20.19.4;C:\\Users\\fhuez\\AppData\\Local
\\nvm\\v20.19.4;C:\\Users\\fhuez\\AppData
\\Local\\nvm\\v20.19.4;C:\\Users\\fhuez\\
AppData\\Local\\nvm\\v20.19.4;C:\\Users\\
fhuez\\AppData\\Local\\nvm\\v20.19.4;C:\\
Users\\fhuez\\AppData\\Local\\nvm\\v23.8.
0;C:\\Users\\fhuez\\AppData\\Local\\nvm\\
v23.8.0;C:\\Users\\fhuez\\AppData\\Local\
\nvm\\v23.8.0;C:\\Program 
Files\\Android\\Android 
Studio\\jbr\\bin;C:\\Program 
Files\\HP\\HP One Agent;C:\\src\\flutter\
\bin;C:\\xampp\\php;C:\\ProgramData\\Comp
oserSetup\\bin;C:\\Users\\fhuez\\AppData\
\Local\\Pub\\Cache\\bin;C:\\Program 
Files\\Microsoft SQL 
Server\\150\\Tools\\Binn\\;C:\\Program 
Files\\Microsoft SQL Server\\Client SDK\\
ODBC\\170\\Tools\\Binn\\;C:\\Program 
Files\\dotnet\\;C:\\Program Files 
(x86)\\Windows Kits\\10\\Windows 
Performance Toolkit\\;C:\\src\\platform_t
ools\\platform-tools;C:\\Program 
Files\\GitHub CLI\\;C:\\Program Files 
(x86)\\Google\\Cloud SDK\\google-cloud-sd
k\\bin;%NVM_HOME%;%NVM_SYMLINK%;C:\\WINDO
WS\\system32;C:\\WINDOWS;C:\\WINDOWS\\Sys
tem32\\Wbem;C:\\WINDOWS\\System32\\Window
sPowerShell\\v1.0\\;C:\\WINDOWS\\System32
\\OpenSSH\\;C:\\Program Files\\Docker\\Do
cker\\resources\\bin;C:\\Users\\fhuez\\sc
oop\\shims;C:\\Program Files 
(x86)\\VMware\\VMware Workstation\\bin\\;
C:\\windows\\system32;C:\\windows;C:\\win
dows\\System32\\Wbem;C:\\windows\\System3
2\\WindowsPowerShell\\v1.0\\;C:\\windows\
\System32\\OpenSSH\\;C:\\Program 
Files\\HP\\HP One Agent;C:\\Program 
Files\\PuTTY\\;C:\\Program 
Files\\WireGuard\\;C:\\Program 
Files\\Git\\cmd;C:\\Program 
Files\\Git\\mingw64\\bin;C:\\Program File
s\\Git\\usr\\bin;C:\\Users\\fhuez\\AppDat
a\\Local\\Microsoft\\WindowsApps;C:\\User
s\\fhuez\\miniconda3;/M;C:\\Users\\fhuez\
\AppData\\Roaming\\npm;C:\\Users\\fhuez\\
AppData\\Local\\Microsoft\\WinGet\\Links;
C:\\Users\\fhuez\\AppData\\Roaming\\Compo
ser\\vendor\\bin;C:\\Users\\fhuez\\.dotne
t\\tools;C:\\Users\\fhuez\\AppData\\Local
\\Programs\\Ollama;C:\\Users\\fhuez\\AppD
ata\\Local\\Programs\\Microsoft VS Code\\
bin;C:\\scripts;C:\\Users\\fhuez\\AppData
\\Local\\Google\\Cloud SDK\\google-cloud-
sdk\\bin;C:\\Users\\fhuez\\AppData\\Local
\\nvm;C:\\nvm4w\\nodejs;C:\\Users\\fhuez\
\AppData\\Local\\Microsoft\\WindowsApps;C
:\\Users\\fhuez\\AppData\\Local\\Programs
\\Antigravity\\bin;c:\\Users\\fhuez\\.ant
igravity\\extensions\\ms-python.debugpy-2
025.18.0-win32-x64\\bundled\\scripts\\noC
onfigScripts',
    PATHEXT: '.COM;.EXE;.BAT;.CMD;.VBS;.V
BE;.JS;.JSE;.WSF;.WSH;.MSC;.CPL',
    platformcode: 'M8',
    PROCESSOR_ARCHITECTURE: 'AMD64',
    PROCESSOR_IDENTIFIER: 'Intel64 
Family 6 Model 186 Stepping 2, 
GenuineIntel',
    PROCESSOR_LEVEL: '6',
    PROCESSOR_REVISION: 'ba02',
    ProgramData: 'C:\\ProgramData',
    ProgramFiles: 'C:\\Program Files',
    'ProgramFiles(x86)': 'C:\\Program 
Files (x86)',
    ProgramW6432: 'C:\\Program Files',
    PROMPT: '$P$G',
    PSModulePath: 'C:\\Users\\fhuez\\OneD
rive\\Documents\\WindowsPowerShell\\Modul
es;C:\\Program Files\\WindowsPowerShell\\
Modules;C:\\WINDOWS\\system32\\WindowsPow
erShell\\v1.0\\Modules;C:\\Program Files 
(x86)\\Google\\Cloud SDK\\google-cloud-sd
k\\platform\\PowerShell',
    PUBLIC: 'C:\\Users\\Public',
    RegionCode: 'NA',
    SESSIONNAME: 'Console',
    SystemDrive: 'C:',
    SystemRoot: 'C:\\WINDOWS',
    TEMP: 
'C:\\Users\\fhuez\\AppData\\Local\\Temp',
    TMP: 
'C:\\Users\\fhuez\\AppData\\Local\\Temp',
    USERDOMAIN: 'Huezo',
    USERDOMAIN_ROAMINGPROFILE: 'Huezo',
    USERNAME: 'Bones',
    USERPROFILE: 'C:\\Users\\fhuez',
    VSCODE_PYTHON_AUTOACTIVATE_GUARD: 
'1',
    windir: 'C:\\WINDOWS',
    ZES_ENABLE_SYSMAN: '1',
    PAGER: 'cat',
    ANTIGRAVITY_AGENT: '1',
    TERM_PROGRAM: 'vscode',
    TERM_PROGRAM_VERSION: '1.107.0',
    LANG: 'en_US.UTF-8',
    COLORTERM: 'truecolor',
    ANTIGRAVITY_CLI_ALIAS: 'agy',
    PYDEVD_DISABLE_FILE_VALIDATION: '1',
    VSCODE_DEBUGPY_ADAPTER_ENDPOINTS: 'c:
\\Users\\fhuez\\.antigravity\\extensions\
\ms-python.debugpy-2025.18.0-win32-x64\\.
noConfigDebugAdapterEndpoints\\endpoint-9
524ef755d62effe.txt',
    BUNDLED_DEBUGPY_PATH: 'c:\\Users\\fhu
ez\\.antigravity\\extensions\\ms-python.d
ebugpy-2025.18.0-win32-x64\\bundled\\libs
\\debugpy',
    PYTHONSTARTUP: 'c:\\Users\\fhuez\\App
Data\\Roaming\\Antigravity\\User\\workspa
ceStorage\\855a44d2acc84176a0f9bb8678a44b
49\\ms-python.python\\pythonrc.py',
    PYTHON_BASIC_REPL: '1',
    GIT_ASKPASS: 'c:\\Users\\fhuez\\AppDa
ta\\Local\\Programs\\Antigravity\\resourc
es\\app\\extensions\\git\\dist\\askpass.s
h',
    VSCODE_GIT_ASKPASS_NODE: 'C:\\Users\\
fhuez\\AppData\\Local\\Programs\\Antigrav
ity\\Antigravity.exe',
    VSCODE_GIT_ASKPASS_EXTRA_ARGS: '',
    VSCODE_GIT_ASKPASS_MAIN: 'c:\\Users\\
fhuez\\AppData\\Local\\Programs\\Antigrav
ity\\resources\\app\\extensions\\git\\dis
t\\askpass-main.js',
    VSCODE_GIT_IPC_HANDLE: '\\\\.\\pipe\\
vscode-git-ba9f75d3af-sock',
    VSCODE_INJECTION: '1',
    npm_package_name: 
'multiapp-installer',
    npm_package_version: '1.0.0',
    npm_package_json: 'C:\\xampp\\htdocs\
\postiz\\package.json',
    npm_lifecycle_event: 'npx',
    npm_lifecycle_script: 'tsc',
    npm_config_node_gyp: 'C:\\Users\\fhue
z\\AppData\\Local\\nvm\\v20.19.4\\node_mo
dules\\npm\\node_modules\\node-gyp\\bin\\
node-gyp.js'
  },
  stdioString: undefined,
  stdio: 'inherit',
  cwd: 'C:\\xampp\\htdocs\\postiz',
  shell: false,
  windowsVerbatimArguments: true,
  args: [
    'C:\\WINDOWS\\system32\\cmd.exe',
    '/d',
    '/s',
    '/c',
    'tsc --noEmit'
  ],
  detached: false,
  envPairs: [
    'ALLUSERSPROFILE=C:\\ProgramData',
    'ANTIGRAVITY_AGENT=1',
    'ANTIGRAVITY_CLI_ALIAS=agy',
    'APPDATA=C:\\Users\\fhuez\\AppData\\R
oaming',
    'BUNDLED_DEBUGPY_PATH=c:\\Users\\fhue
z\\.antigravity\\extensions\\ms-python.de
bugpy-2025.18.0-win32-x64\\bundled\\libs\
\debugpy',
    'CHROME_CRASHPAD_PIPE_NAME=\\\\.\\pip
e\\crashpad_163580_BLYHNDYCYSCDOOPF',
    'COLOR=0',
    'COLORTERM=truecolor',
    'COMPUTERNAME=HUEZO',
    
'ComSpec=C:\\WINDOWS\\system32\\cmd.exe',
    'CommonProgramFiles=C:\\Program 
Files\\Common Files',
    'CommonProgramFiles(x86)=C:\\Program 
Files (x86)\\Common Files',
    'CommonProgramW6432=C:\\Program 
Files\\Common Files',
    'DEBUG=electron-builder',
    'DriverData=C:\\Windows\\System32\\Dr
ivers\\DriverData',
    'EDITOR=C:\\WINDOWS\\notepad.exe',
    'EFC_160864_1592913036=1',
    'GIT_ASKPASS=c:\\Users\\fhuez\\AppDat
a\\Local\\Programs\\Antigravity\\resource
s\\app\\extensions\\git\\dist\\askpass.sh
',
    'GSTREAMER_1_0_ROOT_MSVC_X86_64=C:\\g
streamer\\1.0\\msvc_x86_64\\bin',
    'HOME=C:\\Users\\fhuez',
    'HOMEDRIVE=C:',
    'HOMEPATH=\\Users\\fhuez',
    'INIT_CWD=C:\\xampp\\htdocs\\postiz',
    'JAVA_HOME=C:\\Program 
Files\\Android\\Android Studio\\jbr',
    'LANG=en_US.UTF-8',
    'LOCALAPPDATA=C:\\Users\\fhuez\\AppDa
ta\\Local',
    'LOGONSERVER=\\\\HUEZO',
    'NODE=C:\\Users\\fhuez\\AppData\\Loca
l\\nvm\\v20.19.4\\node.exe',
    'NODE_DEBUG=child_process',
    'NODE_EXE=C:\\Users\\fhuez\\AppData\\
Local\\nvm\\v20.19.4\\\\node.exe',
    'NPM_PREFIX_JS=C:\\Users\\fhuez\\AppD
ata\\Local\\nvm\\v20.19.4\\\\node_modules
\\npm\\bin\\npm-prefix.js',
    'NPM_PREFIX_NPX_CLI_JS=C:\\Users\\fhu
ez\\AppData\\Local\\nvm\\v20.19.4\\node_m
odules\\npm\\bin\\npx-cli.js',
    'NPX_CLI_JS=C:\\Users\\fhuez\\AppData
\\Local\\nvm\\v20.19.4\\node_modules\\npm
\\bin\\npx-cli.js',
    'NUMBER_OF_PROCESSORS=20',
    'NVM_HOME=C:\\Users\\fhuez\\AppData\\
Local\\nvm',
    'NVM_SYMLINK=C:\\nvm4w\\nodejs',
    'OS=Windows_NT',
    
'OneDrive=C:\\Users\\fhuez\\OneDrive',
    'OneDriveConsumer=C:\\Users\\fhuez\\O
neDrive',
    'OnlineServices=Online Services',
    'PAGER=cat',
    'PATH=C:\\xampp\\htdocs\\postiz\\node
_modules\\.bin;C:\\xampp\\htdocs\\postiz\
\node_modules\\.bin;C:\\xampp\\htdocs\\no
de_modules\\.bin;C:\\xampp\\node_modules\
\.bin;C:\\node_modules\\.bin;C:\\Users\\f
huez\\AppData\\Local\\nvm\\v20.19.4\\node
_modules\\npm\\node_modules\\@npmcli\\run
-script\\lib\\node-gyp-bin;C:\\Users\\fhu
ez\\AppData\\Local\\nvm\\v20.19.4;C:\\Use
rs\\fhuez\\AppData\\Local\\nvm\\v20.19.4;
C:\\Users\\fhuez\\AppData\\Local\\nvm\\v2
0.19.4;C:\\Users\\fhuez\\AppData\\Local\\
nvm\\v20.19.4;C:\\Users\\fhuez\\AppData\\
Local\\nvm\\v20.19.4;C:\\Users\\fhuez\\Ap
pData\\Local\\nvm\\v20.19.4;C:\\Users\\fh
uez\\AppData\\Local\\nvm\\v20.19.4;C:\\Us
ers\\fhuez\\AppData\\Local\\nvm\\v23.8.0;
C:\\Users\\fhuez\\AppData\\Local\\nvm\\v2
0.19.4;C:\\Users\\fhuez\\AppData\\Local\\
nvm\\v20.19.4;C:\\Users\\fhuez\\AppData\\
Local\\nvm\\v20.19.4;C:\\Users\\fhuez\\Ap
pData\\Local\\nvm\\v20.19.4;C:\\Users\\fh
uez\\AppData\\Local\\nvm\\v20.19.4;C:\\Us
ers\\fhuez\\AppData\\Local\\nvm\\v20.19.4
;C:\\Users\\fhuez\\AppData\\Local\\nvm\\v
20.19.4;C:\\Users\\fhuez\\AppData\\Local\
\nvm\\v20.19.4;C:\\Users\\fhuez\\AppData\
\Local\\nvm\\v20.19.4;C:\\Users\\fhuez\\A
ppData\\Local\\nvm\\v20.19.4;C:\\Users\\f
huez\\AppData\\Local\\nvm\\v20.19.4;C:\\U
sers\\fhuez\\AppData\\Local\\nvm\\v23.8.0
;C:\\Users\\fhuez\\AppData\\Local\\nvm\\v
23.8.0;C:\\Users\\fhuez\\AppData\\Local\\
nvm\\v23.8.0;C:\\Program 
Files\\Android\\Android 
Studio\\jbr\\bin;C:\\Program 
Files\\HP\\HP One Agent;C:\\src\\flutter\
\bin;C:\\xampp\\php;C:\\ProgramData\\Comp
oserSetup\\bin;C:\\Users\\fhuez\\AppData\
\Local\\Pub\\Cache\\bin;C:\\Program 
Files\\Microsoft SQL 
Server\\150\\Tools\\Binn\\;C:\\Program 
Files\\Microsoft SQL Server\\Client SDK\\
ODBC\\170\\Tools\\Binn\\;C:\\Program 
Files\\dotnet\\;C:\\Program Files 
(x86)\\Windows Kits\\10\\Windows 
Performance Toolkit\\;C:\\src\\platform_t
ools\\platform-tools;C:\\Program 
Files\\GitHub CLI\\;C:\\Program Files 
(x86)\\Google\\Cloud SDK\\google-cloud-sd
k\\bin;%NVM_HOME%;%NVM_SYMLINK%;C:\\WINDO
WS\\system32;C:\\WINDOWS;C:\\WINDOWS\\Sys
tem32\\Wbem;C:\\WINDOWS\\System32\\Window
sPowerShell\\v1.0\\;C:\\WINDOWS\\System32
\\OpenSSH\\;C:\\Program Files\\Docker\\Do
cker\\resources\\bin;C:\\Users\\fhuez\\sc
oop\\shims;C:\\Program Files 
(x86)\\VMware\\VMware Workstation\\bin\\;
C:\\windows\\system32;C:\\windows;C:\\win
dows\\System32\\Wbem;C:\\windows\\System3
2\\WindowsPowerShell\\v1.0\\;C:\\windows\
\System32\\OpenSSH\\;C:\\Program 
Files\\HP\\HP One Agent;C:\\Program 
Files\\PuTTY\\;C:\\Program 
Files\\WireGuard\\;C:\\Program 
Files\\Git\\cmd;C:\\Program 
Files\\Git\\mingw64\\bin;C:\\Program File
s\\Git\\usr\\bin;C:\\Users\\fhuez\\AppDat
a\\Local\\Microsoft\\WindowsApps;C:\\User
s\\fhuez\\miniconda3;/M;C:\\Users\\fhuez\
\AppData\\Roaming\\npm;C:\\Users\\fhuez\\
AppData\\Local\\Microsoft\\WinGet\\Links;
C:\\Users\\fhuez\\AppData\\Roaming\\Compo
ser\\vendor\\bin;C:\\Users\\fhuez\\.dotne
t\\tools;C:\\Users\\fhuez\\AppData\\Local
\\Programs\\Ollama;C:\\Users\\fhuez\\AppD
ata\\Local\\Programs\\Microsoft VS Code\\
bin;C:\\scripts;C:\\Users\\fhuez\\AppData
\\Local\\Google\\Cloud SDK\\google-cloud-
sdk\\bin;C:\\Users\\fhuez\\AppData\\Local
\\nvm;C:\\nvm4w\\nodejs;C:\\Users\\fhuez\
\AppData\\Local\\Microsoft\\WindowsApps;C
:\\Users\\fhuez\\AppData\\Local\\Programs
\\Antigravity\\bin;c:\\Users\\fhuez\\.ant
igravity\\extensions\\ms-python.debugpy-2
025.18.0-win32-x64\\bundled\\scripts\\noC
onfigScripts',
    'PATHEXT=.COM;.EXE;.BAT;.CMD;.VBS;.VB
E;.JS;.JSE;.WSF;.WSH;.MSC;.CPL',
    'PROCESSOR_ARCHITECTURE=AMD64',
    'PROCESSOR_IDENTIFIER=Intel64 Family 
6 Model 186 Stepping 2, GenuineIntel',
    'PROCESSOR_LEVEL=6',
    'PROCESSOR_REVISION=ba02',
    'PROMPT=$P$G',
    'PSModulePath=C:\\Users\\fhuez\\OneDr
ive\\Documents\\WindowsPowerShell\\Module
s;C:\\Program Files\\WindowsPowerShell\\M
odules;C:\\WINDOWS\\system32\\WindowsPowe
rShell\\v1.0\\Modules;C:\\Program Files 
(x86)\\Google\\Cloud SDK\\google-cloud-sd
k\\platform\\PowerShell',
    'PUBLIC=C:\\Users\\Public',
    'PYDEVD_DISABLE_FILE_VALIDATION=1',
    'PYTHONSTARTUP=c:\\Users\\fhuez\\AppD
ata\\Roaming\\Antigravity\\User\\workspac
eStorage\\855a44d2acc84176a0f9bb8678a44b4
9\\ms-python.python\\pythonrc.py',
    'PYTHON_BASIC_REPL=1',
    'ProgramData=C:\\ProgramData',
    'ProgramFiles=C:\\Program Files',
    'ProgramFiles(x86)=C:\\Program Files 
(x86)',
    'ProgramW6432=C:\\Program Files',
    'RegionCode=NA',
    'SESSIONNAME=Console',
    'SystemDrive=C:',
    'SystemRoot=C:\\WINDOWS',
    'TEMP=C:\\Users\\fhuez\\AppData\\Loca
l\\Temp',
    'TERM_PROGRAM=vscode',
    'TERM_PROGRAM_VERSION=1.107.0',
    'TMP=C:\\Users\\fhuez\\AppData\\Local
\\Temp',
    'USERDOMAIN=Huezo',
    'USERDOMAIN_ROAMINGPROFILE=Huezo',
    'USERNAME=Bones',
    'USERPROFILE=C:\\Users\\fhuez',
    'VSCODE_DEBUGPY_ADAPTER_ENDPOINTS=c:\
\Users\\fhuez\\.antigravity\\extensions\\
ms-python.debugpy-2025.18.0-win32-x64\\.n
oConfigDebugAdapterEndpoints\\endpoint-95
24ef755d62effe.txt',
    'VSCODE_GIT_ASKPASS_EXTRA_ARGS=',
    'VSCODE_GIT_ASKPASS_MAIN=c:\\Users\\f
huez\\AppData\\Local\\Programs\\Antigravi
ty\\resources\\app\\extensions\\git\\dist
\\askpass-main.js',
    'VSCODE_GIT_ASKPASS_NODE=C:\\Users\\f
huez\\AppData\\Local\\Programs\\Antigravi
ty\\Antigravity.exe',
    'VSCODE_GIT_IPC_HANDLE=\\\\.\\pipe\\v
scode-git-ba9f75d3af-sock',
    'VSCODE_INJECTION=1',
    'VSCODE_PYTHON_AUTOACTIVATE_GUARD=1',
    'ZES_ENABLE_SYSMAN=1',
    'npm_command=exec',
    'npm_config_cache=C:\\Users\\fhuez\\A
ppData\\Local\\npm-cache',
    'npm_config_global_prefix=C:\\Users\\
fhuez\\AppData\\Local\\nvm\\v20.19.4',
    'npm_config_globalconfig=C:\\Users\\f
huez\\AppData\\Local\\nvm\\v20.19.4\\etc\
\npmrc',
    'npm_config_init_module=C:\\Users\\fh
uez\\.npm-init.js',
    'npm_config_local_prefix=C:\\xampp\\h
tdocs\\postiz',
    'npm_config_node_gyp=C:\\Users\\fhuez
\\AppData\\Local\\nvm\\v20.19.4\\node_mod
ules\\npm\\node_modules\\node-gyp\\bin\\n
ode-gyp.js',
    'npm_config_noproxy=',
    'npm_config_npm_version=10.8.2',
    'npm_config_prefix=C:\\Users\\fhuez\\
AppData\\Local\\nvm\\v20.19.4',
    'npm_config_user_agent=npm/10.8.2 
node/v20.19.4 win32 x64 
workspaces/false',
    'npm_config_userconfig=C:\\Users\\fhu
ez\\.npmrc',
    'npm_execpath=C:\\Users\\fhuez\\AppDa
ta\\Local\\nvm\\v20.19.4\\node_modules\\n
pm\\bin\\npm-cli.js',
    'npm_lifecycle_event=npx',
    'npm_lifecycle_script=tsc',
    'npm_node_execpath=C:\\Users\\fhuez\\
AppData\\Local\\nvm\\v20.19.4\\node.exe',
    'npm_package_json=C:\\xampp\\htdocs\\
postiz\\package.json',
    
'npm_package_name=multiapp-installer',
    'npm_package_version=1.0.0',
    'platformcode=M8',
    'windir=C:\\WINDOWS'
  ],
  file: 'C:\\WINDOWS\\system32\\cmd.exe',
  windowsHide: false
}
src/App.tsx(1,8): error TS6133: 'React' is declared but its value is never read.
src/App.tsx(2,77): error TS6133: 'Zap' is declared but its value is never read.
